// Jest Snapshot v1, https://goo.gl/fbAQLP

exports[`Component: Flexbox renders correctly 1`] = `
.c0 {
  -webkit-align-content: flex-start;
  -ms-flex-line-pack: start;
  align-content: flex-start;
  -webkit-align-items: center;
  -webkit-box-align: center;
  -ms-flex-align: center;
  align-items: center;
  -webkit-align-self: center;
  -ms-flex-item-align: center;
  align-self: center;
  display: -webkit-box;
  display: -webkit-flex;
  display: -ms-flexbox;
  display: flex;
  -webkit-flex: 1;
  -ms-flex: 1;
  flex: 1;
  -webkit-flex-basis: 1;
  -ms-flex-preferred-size: 1;
  flex-basis: 1;
  -webkit-flex-direction: column;
  -ms-flex-direction: column;
  flex-direction: column;
  -webkit-flex-flow: row;
  -ms-flex-flow: row;
  flex-flow: row;
  -webkit-box-flex: 1;
  -webkit-flex-grow: 1;
  -ms-flex-positive: 1;
  flex-grow: 1;
  -webkit-flex-shrink: 1;
  -ms-flex-negative: 1;
  flex-shrink: 1;
  -webkit-flex-wrap: nowrap;
  -ms-flex-wrap: nowrap;
  flex-wrap: nowrap;
  -webkit-box-pack: space-around;
  -webkit-justify-content: space-around;
  -ms-flex-pack: space-around;
  justify-content: space-around;
  margin: 1rem;
  margin-top: 1rem;
  margin-right: 1rem;
  margin-bottom: 1rem;
  margin-left: 1rem;
  padding: 1rem;
  padding-top: 1rem;
  padding-right: 1rem;
  padding-bottom: 1rem;
  padding-left: 1rem;
  height: 1rem;
  max-height: 1rem;
  min-height: 1rem;
  width: 1rem;
  max-width: 1rem;
  min-width: 1rem;
}

<article
  class="c0"
>
  <span
    data-testid="42"
  >
    a child
  </span>
</article>
`;
